Modules list:
-------------
main.o:
    CODE              Offs=000000  Size=0003A4  Align=00001  Fill=0000
    RODATA            Offs=000000  Size=000034  Align=00001  Fill=0000
    BSS               Offs=000000  Size=00001A  Align=00001  Fill=0000
    DATA              Offs=000000  Size=000038  Align=00001  Fill=0000
    ZEROPAGE          Offs=000000  Size=00000E  Align=00001  Fill=0000
C:\cc65\lib/atari.lib(addysp.o):
    CODE              Offs=0003A4  Size=00000E  Align=00001  Fill=0000
C:\cc65\lib/atari.lib(callmain.o):
    CODE              Offs=0003B2  Size=000017  Align=00001  Fill=0000
    DATA              Offs=000038  Size=000004  Align=00001  Fill=0000
C:\cc65\lib/atari.lib(condes.o):
    CODE              Offs=0003C9  Size=00000C  Align=00001  Fill=0000
    DATA              Offs=00003C  Size=000025  Align=00001  Fill=0000
    ONCE              Offs=000000  Size=00000C  Align=00001  Fill=0000
C:\cc65\lib/atari.lib(crt0.o):
    BSS               Offs=00001A  Size=000005  Align=00001  Fill=0000
    STARTUP           Offs=000000  Size=000063  Align=00001  Fill=0000
C:\cc65\lib/atari.lib(exehdr.o):
    EXEHDR            Offs=000000  Size=000002  Align=00001  Fill=0000
    MAINHDR           Offs=000000  Size=000004  Align=00001  Fill=0000
C:\cc65\lib/atari.lib(exetrailer.o):
    AUTOSTRT          Offs=000000  Size=000006  Align=00001  Fill=0000
C:\cc65\lib/atari.lib(incsp2.o):
    CODE              Offs=0003D5  Size=000016  Align=00001  Fill=0000
C:\cc65\lib/atari.lib(incsp4.o):
    CODE              Offs=0003EB  Size=000005  Align=00001  Fill=0000
C:\cc65\lib/atari.lib(memcpy.o):
    CODE              Offs=0003F0  Size=00003C  Align=00001  Fill=0000
C:\cc65\lib/atari.lib(popptr1.o):
    CODE              Offs=00042C  Size=00000E  Align=00001  Fill=0000
C:\cc65\lib/atari.lib(pushax.o):
    CODE              Offs=00043A  Size=00001A  Align=00001  Fill=0000
C:\cc65\lib/atari.lib(system_check.o):
    SYSCHK            Offs=000000  Size=0000F6  Align=00001  Fill=0000
C:\cc65\lib/atari.lib(system_check_hdr.o):
    SYSCHKHDR         Offs=000000  Size=000004  Align=00001  Fill=0000
C:\cc65\lib/atari.lib(system_check_trailer.o):
    SYSCHKTRL         Offs=000000  Size=000006  Align=00001  Fill=0000
C:\cc65\lib/atari.lib(zerobss.o):
    CODE              Offs=000454  Size=000023  Align=00001  Fill=0000
C:\cc65\lib/atari.lib(zeropage.o):
    ZEROPAGE          Offs=00000E  Size=00001A  Align=00001  Fill=0000


Segment list:
-------------
Name                   Start     End    Size  Align
----------------------------------------------------
AUTOSTRT              000000  000005  000006  00001
EXEHDR                000000  000001  000002  00001
MAINHDR               000000  000003  000004  00001
SYSCHKHDR             000000  000003  000004  00001
SYSCHKTRL             000000  000005  000006  00001
ZEROPAGE              000082  0000A9  000028  00001
STARTUP               002000  002062  000063  00001
ONCE                  002063  00206E  00000C  00001
CODE                  00206F  0024E5  000477  00001
RODATA                0024E6  002519  000034  00001
DATA                  00251A  00257A  000061  00001
BSS                   00257B  002599  00001F  00001
SYSCHK                002E00  002EF5  0000F6  00001


Exports list by name:
---------------------
__AUTOSTART__             000001 REA    __BSS_LOAD__              00257B RLA    
__BSS_RUN__               00257B RLA    __BSS_SIZE__              00001F REA    
__CONSTRUCTOR_COUNT__     000000 REA    __CONSTRUCTOR_TABLE__     00206F RLA    
__DESTRUCTOR_COUNT__      000000 REA    __DESTRUCTOR_TABLE__      00251A RLA    
__EXEHDR__                000001 REA    __LOWCODE_RUN__           002063 RLA    
__LOWCODE_SIZE__          000000 REA    __MAIN_START__            002000 RLA    
__RESERVED_MEMORY__       000000 REA    __STACKSIZE__             000800 REA    
__STARTADDRESS__          002000 REA    __STARTUP__               000001 REA    
__SYSCHKHDR__             000001 REA    __SYSCHKTRL__             000001 REA    
__SYSCHK_END__            002EF6 RLA    __SYSCHK_LOAD__           002E00 RLA    
__SYSTEM_CHECK__          002E47 REA    _main                     0023E5 RLA    
_memcpy                   00245F RLA    addysp                    002414 RLA    
callmain                  002421 RLA    donelib                   002438 RLA    
incsp2                    00244C RLA    incsp4                    00245A RLA    
initlib                   002063 RLA    popax                     002444 RLA    
popptr1                   00249B RLA    ptr1                      000098 RLZ    
ptr2                      00009A RLZ    ptr3                      00009C RLZ    
pushax                    0024AD RLA    sp                        000090 RLZ    
start                     002001 RLA    zerobss                   0024C3 RLA    



Exports list by value:
----------------------
__CONSTRUCTOR_COUNT__     000000 REA    __RESERVED_MEMORY__       000000 REA    
__LOWCODE_SIZE__          000000 REA    __DESTRUCTOR_COUNT__      000000 REA    
__SYSCHKHDR__             000001 REA    __EXEHDR__                000001 REA    
__AUTOSTART__             000001 REA    __SYSCHKTRL__             000001 REA    
__STARTUP__               000001 REA    __BSS_SIZE__              00001F REA    
sp                        000090 RLZ    ptr1                      000098 RLZ    
ptr2                      00009A RLZ    ptr3                      00009C RLZ    
__STACKSIZE__             000800 REA    __MAIN_START__            002000 RLA    
__STARTADDRESS__          002000 REA    start                     002001 RLA    
initlib                   002063 RLA    __LOWCODE_RUN__           002063 RLA    
__CONSTRUCTOR_TABLE__     00206F RLA    _main                     0023E5 RLA    
addysp                    002414 RLA    callmain                  002421 RLA    
donelib                   002438 RLA    popax                     002444 RLA    
incsp2                    00244C RLA    incsp4                    00245A RLA    
_memcpy                   00245F RLA    popptr1                   00249B RLA    
pushax                    0024AD RLA    zerobss                   0024C3 RLA    
__DESTRUCTOR_TABLE__      00251A RLA    __BSS_LOAD__              00257B RLA    
__BSS_RUN__               00257B RLA    __SYSCHK_LOAD__           002E00 RLA    
__SYSTEM_CHECK__          002E47 REA    __SYSCHK_END__            002EF6 RLA    



Imports list:
-------------
__AUTOSTART__ (exetrailer.o):
    [linker generated]        atari.cfg:7
__BSS_LOAD__ ([linker generated]):
    exehdr.o                  atari/exehdr.s:4
__BSS_RUN__ ([linker generated]):
    zerobss.o                 common/zerobss.s:8
    system_check.o            atari/system_check.s:23
__BSS_SIZE__ ([linker generated]):
    zerobss.o                 common/zerobss.s:8
    system_check.o            atari/system_check.s:23
__CONSTRUCTOR_COUNT__ ([linker generated]):
    condes.o                  runtime/condes.s:18
__CONSTRUCTOR_TABLE__ ([linker generated]):
    condes.o                  runtime/condes.s:18
__DESTRUCTOR_COUNT__ ([linker generated]):
    condes.o                  runtime/condes.s:19
__DESTRUCTOR_TABLE__ ([linker generated]):
    condes.o                  runtime/condes.s:19
__EXEHDR__ (exehdr.o):
    [linker generated]        atari.cfg:5
__LOWCODE_RUN__ ([linker generated]):
    crt0.o                    atari/crt0.s:19
__LOWCODE_SIZE__ ([linker generated]):
    crt0.o                    atari/crt0.s:19
__MAIN_START__ ([linker generated]):
    exehdr.o                  atari/exehdr.s:4
__RESERVED_MEMORY__ ([linker generated]):
    system_check.o            atari/system_check.s:25
    crt0.o                    atari/crt0.s:17
    [linker generated]        atari.cfg:25
__STACKSIZE__ ([linker generated]):
    system_check.o            atari/system_check.s:24
    [linker generated]        atari.cfg:25
__STARTADDRESS__ ([linker generated]):
    system_check.o            atari/system_check.s:20
__STARTUP__ (crt0.o):
    main.o                    main.s:25
__SYSCHKHDR__ (system_check_hdr.o):
    system_check.o            atari/system_check.s:28
__SYSCHKTRL__ (system_check_trailer.o):
    system_check.o            atari/system_check.s:28
__SYSCHK_END__ (system_check.o):
    system_check_hdr.o        atari/system_check_hdr.s:7
__SYSCHK_LOAD__ ([linker generated]):
    system_check_hdr.o        atari/system_check_hdr.s:7
__SYSTEM_CHECK__ (system_check.o):
    system_check_trailer.o    atari/system_check_trailer.s:7
    [linker generated]        atari.cfg:6
_main (main.o):
    callmain.o                runtime/callmain.s:11
_memcpy (memcpy.o):
    main.o                    main.s:27
addysp (addysp.o):
    incsp4.o                  runtime/incsp4.s:8
callmain (callmain.o):
    crt0.o                    atari/crt0.s:16
donelib (condes.o):
    crt0.o                    atari/crt0.s:15
incsp2 (incsp2.o):
    popptr1.o                 runtime/popptr1.s:8
incsp4 (incsp4.o):
    main.o                    main.s:956
initlib (condes.o):
    crt0.o                    atari/crt0.s:15
popax (incsp2.o):
    memcpy.o                  common/memcpy.s:14
popptr1 (popptr1.o):
    memcpy.o                  common/memcpy.s:14
ptr1 (zeropage.o):
    zerobss.o                 common/zerobss.s:9
    popptr1.o                 runtime/popptr1.s:9
    memcpy.o                  common/memcpy.s:15
    main.o                    main.s:11
ptr2 (zeropage.o):
    memcpy.o                  common/memcpy.s:15
ptr3 (zeropage.o):
    memcpy.o                  common/memcpy.s:15
pushax (pushax.o):
    callmain.o                runtime/callmain.s:11
    main.o                    main.s:956
    main.o                    main.s:956
    main.o                    main.s:956
    main.o                    main.s:956
sp (zeropage.o):
    incsp2.o                  runtime/incsp2.s:8
    addysp.o                  runtime/addysp.s:8
    pushax.o                  runtime/pushax.s:8
    popptr1.o                 runtime/popptr1.s:9
    memcpy.o                  common/memcpy.s:15
    crt0.o                    D:/MT/atari/cc65-current/cc65/asminc/zeropage.inc:11
    main.o                    main.s:10
start (crt0.o):
    exetrailer.o              atari/exetrailer.s:4
zerobss (zerobss.o):
    crt0.o                    atari/crt0.s:16

