Modules list:
-------------
main.o:
    CODE              Offs=000000  Size=000330  Align=00001  Fill=0000
    RODATA            Offs=000000  Size=000034  Align=00001  Fill=0000
    BSS               Offs=000000  Size=000026  Align=00001  Fill=0000
    DATA              Offs=000000  Size=000038  Align=00001  Fill=0000
C:\cc65\lib/atari.lib(addysp.o):
    CODE              Offs=000330  Size=00000E  Align=00001  Fill=0000
C:\cc65\lib/atari.lib(callmain.o):
    CODE              Offs=00033E  Size=000017  Align=00001  Fill=0000
    DATA              Offs=000038  Size=000004  Align=00001  Fill=0000
C:\cc65\lib/atari.lib(condes.o):
    CODE              Offs=000355  Size=00000C  Align=00001  Fill=0000
    DATA              Offs=00003C  Size=000025  Align=00001  Fill=0000
    ONCE              Offs=000000  Size=00000C  Align=00001  Fill=0000
C:\cc65\lib/atari.lib(crt0.o):
    BSS               Offs=000026  Size=000005  Align=00001  Fill=0000
    STARTUP           Offs=000000  Size=000063  Align=00001  Fill=0000
C:\cc65\lib/atari.lib(exehdr.o):
    EXEHDR            Offs=000000  Size=000002  Align=00001  Fill=0000
    MAINHDR           Offs=000000  Size=000004  Align=00001  Fill=0000
C:\cc65\lib/atari.lib(exetrailer.o):
    AUTOSTRT          Offs=000000  Size=000006  Align=00001  Fill=0000
C:\cc65\lib/atari.lib(incsp2.o):
    CODE              Offs=000361  Size=000016  Align=00001  Fill=0000
C:\cc65\lib/atari.lib(incsp4.o):
    CODE              Offs=000377  Size=000005  Align=00001  Fill=0000
C:\cc65\lib/atari.lib(memcpy.o):
    CODE              Offs=00037C  Size=00003C  Align=00001  Fill=0000
C:\cc65\lib/atari.lib(popptr1.o):
    CODE              Offs=0003B8  Size=00000E  Align=00001  Fill=0000
C:\cc65\lib/atari.lib(pushax.o):
    CODE              Offs=0003C6  Size=00001A  Align=00001  Fill=0000
C:\cc65\lib/atari.lib(system_check.o):
    SYSCHK            Offs=000000  Size=0000F6  Align=00001  Fill=0000
C:\cc65\lib/atari.lib(system_check_hdr.o):
    SYSCHKHDR         Offs=000000  Size=000004  Align=00001  Fill=0000
C:\cc65\lib/atari.lib(system_check_trailer.o):
    SYSCHKTRL         Offs=000000  Size=000006  Align=00001  Fill=0000
C:\cc65\lib/atari.lib(udiv.o):
    CODE              Offs=0003E0  Size=00004F  Align=00001  Fill=0000
C:\cc65\lib/atari.lib(umod.o):
    CODE              Offs=00042F  Size=000011  Align=00001  Fill=0000
C:\cc65\lib/atari.lib(zerobss.o):
    CODE              Offs=000440  Size=000023  Align=00001  Fill=0000
C:\cc65\lib/atari.lib(zeropage.o):
    ZEROPAGE          Offs=000000  Size=00001A  Align=00001  Fill=0000


Segment list:
-------------
Name                   Start     End    Size  Align
----------------------------------------------------
AUTOSTRT              000000  000005  000006  00001
EXEHDR                000000  000001  000002  00001
MAINHDR               000000  000003  000004  00001
SYSCHKHDR             000000  000003  000004  00001
SYSCHKTRL             000000  000005  000006  00001
ZEROPAGE              000082  00009B  00001A  00001
STARTUP               002000  002062  000063  00001
ONCE                  002063  00206E  00000C  00001
CODE                  00206F  0024D1  000463  00001
RODATA                0024D2  002505  000034  00001
DATA                  002506  002566  000061  00001
BSS                   002567  002591  00002B  00001
SYSCHK                002E00  002EF5  0000F6  00001


Exports list by name:
---------------------
__AUTOSTART__             000001 REA    __BSS_LOAD__              002567 RLA    
__BSS_RUN__               002567 RLA    __BSS_SIZE__              00002B REA    
__CONSTRUCTOR_COUNT__     000000 REA    __CONSTRUCTOR_TABLE__     00206F RLA    
__DESTRUCTOR_COUNT__      000000 REA    __DESTRUCTOR_TABLE__      002506 RLA    
__EXEHDR__                000001 REA    __LOWCODE_RUN__           002063 RLA    
__LOWCODE_SIZE__          000000 REA    __MAIN_START__            002000 RLA    
__RESERVED_MEMORY__       000000 REA    __STACKSIZE__             000800 REA    
__STARTADDRESS__          002000 REA    __STARTUP__               000001 REA    
__SYSCHKHDR__             000001 REA    __SYSCHKTRL__             000001 REA    
__SYSCHK_END__            002EF6 RLA    __SYSCHK_LOAD__           002E00 RLA    
__SYSTEM_CHECK__          002E47 REA    _main                     002370 RLA    
_memcpy                   0023EB RLA    addysp                    0023A0 RLA    
callmain                  0023AD RLA    donelib                   0023C4 RLA    
incsp2                    0023D8 RLA    incsp4                    0023E6 RLA    
initlib                   002063 RLA    popax                     0023D0 RLA    
popptr1                   002427 RLA    ptr1                      00008A RLZ    
ptr2                      00008C RLZ    ptr3                      00008E RLZ    
ptr4                      000090 RLZ    pusha0                    002437 RLA    
pushax                    002439 RLA    sp                        000082 RLZ    
sreg                      000084 RLZ    start                     002001 RLA    
tmp1                      000092 RLZ    tosumoda0                 00249E RLA    
udiv16                    002460 RLA    zerobss                   0024AF RLA    



Exports list by value:
----------------------
__RESERVED_MEMORY__       000000 REA    __CONSTRUCTOR_COUNT__     000000 REA    
__LOWCODE_SIZE__          000000 REA    __DESTRUCTOR_COUNT__      000000 REA    
__EXEHDR__                000001 REA    __STARTUP__               000001 REA    
__AUTOSTART__             000001 REA    __SYSCHKTRL__             000001 REA    
__SYSCHKHDR__             000001 REA    __BSS_SIZE__              00002B REA    
sp                        000082 RLZ    sreg                      000084 RLZ    
ptr1                      00008A RLZ    ptr2                      00008C RLZ    
ptr3                      00008E RLZ    ptr4                      000090 RLZ    
tmp1                      000092 RLZ    __STACKSIZE__             000800 REA    
__MAIN_START__            002000 RLA    __STARTADDRESS__          002000 REA    
start                     002001 RLA    __LOWCODE_RUN__           002063 RLA    
initlib                   002063 RLA    __CONSTRUCTOR_TABLE__     00206F RLA    
_main                     002370 RLA    addysp                    0023A0 RLA    
callmain                  0023AD RLA    donelib                   0023C4 RLA    
popax                     0023D0 RLA    incsp2                    0023D8 RLA    
incsp4                    0023E6 RLA    _memcpy                   0023EB RLA    
popptr1                   002427 RLA    pusha0                    002437 RLA    
pushax                    002439 RLA    udiv16                    002460 RLA    
tosumoda0                 00249E RLA    zerobss                   0024AF RLA    
__DESTRUCTOR_TABLE__      002506 RLA    __BSS_RUN__               002567 RLA    
__BSS_LOAD__              002567 RLA    __SYSCHK_LOAD__           002E00 RLA    
__SYSTEM_CHECK__          002E47 REA    __SYSCHK_END__            002EF6 RLA    



Imports list:
-------------
__AUTOSTART__ (exetrailer.o):
    [linker generated]        atari.cfg:7
__BSS_LOAD__ ([linker generated]):
    exehdr.o                  atari/exehdr.s:4
__BSS_RUN__ ([linker generated]):
    zerobss.o                 common/zerobss.s:8
    system_check.o            atari/system_check.s:23
__BSS_SIZE__ ([linker generated]):
    zerobss.o                 common/zerobss.s:8
    system_check.o            atari/system_check.s:23
__CONSTRUCTOR_COUNT__ ([linker generated]):
    condes.o                  runtime/condes.s:18
__CONSTRUCTOR_TABLE__ ([linker generated]):
    condes.o                  runtime/condes.s:18
__DESTRUCTOR_COUNT__ ([linker generated]):
    condes.o                  runtime/condes.s:19
__DESTRUCTOR_TABLE__ ([linker generated]):
    condes.o                  runtime/condes.s:19
__EXEHDR__ (exehdr.o):
    [linker generated]        atari.cfg:5
__LOWCODE_RUN__ ([linker generated]):
    crt0.o                    atari/crt0.s:19
__LOWCODE_SIZE__ ([linker generated]):
    crt0.o                    atari/crt0.s:19
__MAIN_START__ ([linker generated]):
    exehdr.o                  atari/exehdr.s:4
__RESERVED_MEMORY__ ([linker generated]):
    system_check.o            atari/system_check.s:25
    crt0.o                    atari/crt0.s:17
    [linker generated]        atari.cfg:25
__STACKSIZE__ ([linker generated]):
    system_check.o            atari/system_check.s:24
    [linker generated]        atari.cfg:25
__STARTADDRESS__ ([linker generated]):
    system_check.o            atari/system_check.s:20
__STARTUP__ (crt0.o):
    main.o                    main.s:25
__SYSCHKHDR__ (system_check_hdr.o):
    system_check.o            atari/system_check.s:28
__SYSCHKTRL__ (system_check_trailer.o):
    system_check.o            atari/system_check.s:28
__SYSCHK_END__ (system_check.o):
    system_check_hdr.o        atari/system_check_hdr.s:7
__SYSCHK_LOAD__ ([linker generated]):
    system_check_hdr.o        atari/system_check_hdr.s:7
__SYSTEM_CHECK__ (system_check.o):
    system_check_trailer.o    atari/system_check_trailer.s:7
    [linker generated]        atari.cfg:6
_main (main.o):
    callmain.o                runtime/callmain.s:11
_memcpy (memcpy.o):
    main.o                    main.s:27
addysp (addysp.o):
    incsp4.o                  runtime/incsp4.s:8
callmain (callmain.o):
    crt0.o                    atari/crt0.s:16
donelib (condes.o):
    crt0.o                    atari/crt0.s:15
incsp2 (incsp2.o):
    popptr1.o                 runtime/popptr1.s:8
incsp4 (incsp4.o):
    main.o                    main.s:735
initlib (condes.o):
    crt0.o                    atari/crt0.s:15
popax (incsp2.o):
    memcpy.o                  common/memcpy.s:14
popptr1 (popptr1.o):
    udiv.o                    runtime/udiv.s:9
    umod.o                    runtime/umod.s:8
    memcpy.o                  common/memcpy.s:14
ptr1 (zeropage.o):
    udiv.o                    runtime/udiv.s:10
    zerobss.o                 common/zerobss.s:9
    popptr1.o                 runtime/popptr1.s:9
    memcpy.o                  common/memcpy.s:15
    main.o                    main.s:11
ptr2 (zeropage.o):
    memcpy.o                  common/memcpy.s:15
ptr3 (zeropage.o):
    memcpy.o                  common/memcpy.s:15
ptr4 (zeropage.o):
    udiv.o                    runtime/udiv.s:10
    umod.o                    runtime/umod.s:9
pusha0 (pushax.o):
    main.o                    main.s:735
pushax (pushax.o):
    callmain.o                runtime/callmain.s:11
    main.o                    main.s:735
    main.o                    main.s:735
    main.o                    main.s:735
    main.o                    main.s:735
sp (zeropage.o):
    incsp2.o                  runtime/incsp2.s:8
    addysp.o                  runtime/addysp.s:8
    pushax.o                  runtime/pushax.s:8
    popptr1.o                 runtime/popptr1.s:9
    memcpy.o                  common/memcpy.s:15
    crt0.o                    D:/MT/atari/cc65-current/cc65/asminc/zeropage.inc:11
    main.o                    main.s:10
sreg (zeropage.o):
    udiv.o                    runtime/udiv.s:10
    umod.o                    runtime/umod.s:9
start (crt0.o):
    exetrailer.o              atari/exetrailer.s:4
tmp1 (zeropage.o):
    main.o                    main.s:11
tosumoda0 (umod.o):
    main.o                    main.s:735
udiv16 (udiv.o):
    umod.o                    runtime/umod.s:8
zerobss (zerobss.o):
    crt0.o                    atari/crt0.s:16

